[backblue.gif]
[fade.gif]
[index.html]
[insta.easyhack.club/index.html]
[maxcdn.bootstrapcdn.com/font-awesome/4.6.3/css/font-awesome.min.css]
[insta.easyhack.club/index/img/logo.png]
[insta.easyhack.club/index/img/add-username-icon.png]
[insta.easyhack.club/index/img/username-example.jpg]
[ajax.googleapis.com/ajax/libs/jquery/1.12.4/jquery.min.js]
[insta.easyhack.club/index/js/sweet-alert.min.js]
[insta.easyhack.club/index/js/jquery.magnific-popup.min.js]
[insta.easyhack.club/index/js/jquery.fitvids.js]
[insta.easyhack.club/index/js/validator.min.js]
[insta.easyhack.club/index/js/jquery.matchHeight-min.js]
[insta.easyhack.club/index/js/com.js]
[insta.easyhack.club/index/js/sticky.js]
[insta.easyhack.club/index/js/form-scripts.js]
[insta.easyhack.club/index/js/main.js]
[insta.easyhack.club/index/index.html]
[insta.easyhack.club/index/img/favicon.html]
[maxcdn.bootstrapcdn.com/font-awesome/4.6.3/css/font-awesome.min.css]
[insta.easyhack.club/index/css/bootstrap.min.css]
[insta.easyhack.club/index/css/animate.css]
[insta.easyhack.club/index/css/magnific-popup.css]
[insta.easyhack.club/index/css/sweet-alert.css]
[insta.easyhack.club/index/fonts/et-line.eot]
[insta.easyhack.club/index/fonts/et-lined41d.eot]
[insta.easyhack.club/index/fonts/et-line.woff]
[insta.easyhack.club/index/fonts/et-line.ttf]
[insta.easyhack.club/index/css/style.css]
[insta.easyhack.club/index/fonts/glyphicons-halflings-regular.html]
[insta.easyhack.club/index/fonts/glyphicons-halflings-regulard41d.html]
[insta.easyhack.club/index/fonts/glyphicons-halflings-regular-2.html]
[insta.easyhack.club/index/fonts/glyphicons-halflings-regular-3.html]
[insta.easyhack.club/index/fonts/glyphicons-halflings-regular-4.html]
[insta.easyhack.club/index/fonts/glyphicons-halflings-regular-5.html]
[insta.easyhack.club/index/fonts/et-line.svg]
[insta.easyhack.club/index/img/dotted-bg-overlay.html]
